Acca
Agnellat
Aïda
Aléoutienne
Alépine
Alpaga
Amazone
Ancélia
Andrinople
Anglaise
Angora
Angoratine
Armoisin
Astrakan
Aubusson
Alpaga
Bachette
Bagdad
Barège
Batik
Batiste
Bengaline
Bogolan
Brocart
Buckram
Bure
Caban
Cachemire
Cadès
Cadis
Calicot
Calle
Caméléon
Camelot
Chambray
Chameau
Chevron
Chintz
Cloqué
Cordelat
Cordura
Côtelé
Coton
Coutil
Crêpe
Cretonne
Crin
Croisé
Chanvre
Cuir
Daim
Damas
jean
Dentelle
Denim
Diamantine
Drap
Droguet
Écossais
Éolienne
Éponge
Étamine
Faille
Ferrandine
Feutre
Fil à fil
Flanelle
Fouta
Gabardine
Gaze
Gourgouran
Granité
Gros de Tours
Gore-Tex
Haïtienne
Impériale
Imprimé ameublement
Indienne
Jacquard
Japon
Jean ou denim
Jouy
Jute
Kelsch
Lagos
Laine
Lambswool
Lamé
Lampas
Liberty
Lin
Linon
Loden
Lingotte
Lycra
Lainen
Madras
Marceline
Métis
Mérinos
Mignonnette
Minky
Mohair
Moire
Moiré
Moleskine
Molleton
Mousseline
Nanzouk
Natte
Nid d'abeilles
Ninon
Nappage
Nubuck
Organdi
Ottoman
Organza
Oxford
Occultant
Panama
Pashmînâ
Pékiné
Percale
Pied de poule
Pilou
Piqué
Piqueté
Plumetis
Polonaise
Pongé
Popeline
Prince-de-Galles
Paisley
Quadrillé
Raphia
Rami
Rayonne
Régence
Reps
Romanco
Royale
Sari
Sabra
Satin
Seersucker
Serge
Sergine
Serpentine
Shetland
Singalette
Soie
Suède
Tabis
Taffetas
Tapa
tarlatane
Tartan
Tennis
Tobralco
Toile de Jouy
Toile huilée
Toile paysanne
toile tailleur
Tricot
triplure
Tulle
Tussor
Tweed
Twill
Velours
velours à bouquets
velours à ferronneries
velours à la reine
velours à moustaches
velours à parterre
velours à ramages
velours antique
velours au sabre
velours bosselé
velours bouclé
velours broderie
velours chiffon
velours chiné
velours cinq cents-raies
velours ciselé
velours cordelet
velours cordé
velours côtelé
velours coupé
velours crêpe de Chine
velours d'Amiens
velours de coton
velours de Gênes
velours de gueux
velours de laine
velours de Lyon
velours de Paris
velours de Parse
velours deux corps
velours d'Italie
velours du Nord
velours d'Utrecht
velours en plein
velours enlevé
velours épinglé
velours façonné
velours florentin
velours frappé
velours frisé
velours froissé
velours gandin
velours gaufré
velours Grégoire
velours jardinière
velours Manchester
velours mille-raies
velours miniature
velours miroir
velours ottoman
velours Parthenos
velours paysan
velours Pékin
velours pour chapeaux
velours pour col
velours relevé
velours sans envers
velours sans pareil
velours simulé
velours trame
velours triple corps
velours turc
velours uni
velours vénitien
Veloutine
Velventine
Velveret
Velverette
Verquelure
Vichy
Vigogne
Vinyle
Viscose
Viyella
Wax
tissu africain
Whipcord
Zenana
Zibeline