Zinzolin
Viride
Violet d'évêque
Violet
Vert-de-gris
Vert Véronèse
Vert tilleul
Vert sauge
Vert sapin
Vert printemps
Vert prairie
Vert pomme
Vert poireau
Vert perroquet
Vert olive
Vert lichen
Vert impérial
Vert épinard
Vert émeraude
Smaragdin
Vert de vessie
Vert de Hooker
Vert de chrome
Vert d'eau
Vert céladon
Vert bouteille
Vermillon
Vermeil
Vanille
Turquoise
Tourterelle
Colombin
Topaze
Tomate
Terre d'ombre
Taupe
Tabac
Soufre
Smalt
Sinople
Sépia
Saumon
Sarcelle
Saphir
Sanguine
Sang de bœuf
Safre
Sable
Sable
Rubis
Roux
Rouille
Rouge tomette
Rouge sang
Rouge indien
Rouge feu
Rouge de Falun
Rouge d'Andrinople
Rouge cerise
Rouge cardinal
Rouge anglais
Rose Mountbatten
Puce
Prune
Prasin
Pourpre
Ponceau ou Coquelicot
Poil de chameau
Pistache
Pervenche
Pelure d'oignon
Parme
Paille
Orpiment
Orchidée
Orange brûlé
Or
Olive
Ocre rouge
Ocre jaune
Noisette
Nankin
Nacarat
Moutarde
Menthe
Mauve
Mastic
Marron
Mandarine
Malachite
Maïs
Magenta
Lin
Lime ou vert citron
Lilas
Lie de vin
Lavande
Lavallière
Lapis-lazuli
Jaune mimosa
Jaune impérial
Jaune de Naples
Jaune de Mars
Jaune de cobalt
Jaune d'or
Jaune citron
Jaune canari
Isabelle
Indigo
Indigo
Incarnat
Héliotrope
Gueules
Groseille
Gris souris
Gris perle
Gris fer
Gris de Payne
Gris acier
Grenat
Grenadine
Grège
Glycine
Glauque
Garance
Fumée
Fuchsia
Framboise
Fraise écrasée
Fraise
Flave
Fauve
Émeraude
Écru
Écarlate
Cyan
Cuivre
Cuisse de nymphe
Cramoisi
Corail
Coquille d'œuf
Citrouille
Cinabre
Chocolat
Chaudron
Châtain
Chartreuse
Chamois
Carotte
Carmin
Caramel
Capucine
Cannelle
Café au lait
Café
Cæruleum
Cachou
Cacao
Caca d'oie
Brou de noix
Bronze
Brique
Bouton d'or
Blond vénitien
Blond
Bleu turquin
Bleu roi ou de France
Bleu pétrole
Bleu persan
Bleu paon
Bleu outremer
Bleu nuit
Bleu marine
Bleu givré
Bleu électrique
Bleu de Prusse, de Berlin ou bleu hussard
Bleu de cobalt
Bleu ciel
Bleu charrette
Bleu céleste
Bleu canard
Bleu barbeau ou bleuet
Bleu acier
Blé
Blanc lunaire
Blanc cassé
Bitume
Bistre
Bisque
Bis
Beurre
Basané
Baillet
Azur
Avocat
Aurore
Auburn
Aubergine
Argent
Aquilain
Anthracite
Améthyste
Ambre
Amarante
Amande
Alezan
Aigue-marine
Acajou
Abricot